[     685ms] [INFO] %cDownload the React DevTools for a better development experience: https://reactjs.org/link/react-devtools font-weight:bold @ http://localhost:3000/static/js/bundle.js:511053
[     777ms] [LOG] i18next: languageChanged vi-VN @ http://localhost:3000/static/js/bundle.js:577363
[     777ms] [LOG] i18next: initialized {debug: true, initImmediate: true, ns: Array(1), defaultNS: Array(1), fallbackLng: Array(1)} @ http://localhost:3000/static/js/bundle.js:577363
[     779ms] [LOG] THIEN CHECKED @ http://localhost:3000/static/js/bundle.js:144480
[     809ms] [ERROR] Warning: [antd: Dropdown] `overlay` is deprecated. Please use `menu` instead. @ http://localhost:3000/static/js/bundle.js:483513
[     816ms] [LOG] {__typename: UserMeOutput, agencyId: 3, avatar_url: https://d3plrvcei1qcpw.cloudfront.net/file/2a7959e9-b172-4ab6-8a40-63be772ef0fa.jpg, business_model: null, email: huy@upbase.vn} @ http://localhost:3000/static/js/bundle.js:54512
[    2345ms] [ERROR] Warning: Each child in a list should have a unique "key" prop.%s%s See https://reactjs.org/link/warning-keys for more information.%s 

Check the render method of `LineChart`.  
    at div
    at LineChart (http://localhost:3000/static/js/bundle.js:56742:116)
    at div
    at div
    at http://localhost:3000/static/js/bundle.js:336471:18
    at ReportOverviewV1 (http://localhost:3000/static/js/bundle.js:55906:3)
    at div
    at http://localhost:3000/static/js/bundle.js:343560:18
    at div
    at O (http://localhost:3000/static/js/bundle.js:528270:8)
    at ReportOverview (http://localhost:3000/static/js/bundle.js:56218:83)
    at ReportProvider (http://localhost:3000/static/js/bundle.js:2689:3)
    at Routes (http://localhost:3000/static/js/bundle.js:518792:5)
    at ReportPage
    at Routes (http://localhost:3000/static/js/bundle.js:518792:5)
    at div
    at main
    at http://localhost:3000/static/js/bundle.js:350405:18
    at Content
    at div
    at http://localhost:3000/static/js/bundle.js:350425:42
    at Layout
    at div
    at http://localhost:3000/static/js/bundle.js:350425:42
    at Layout
    at div
    at O (http://localhost:3000/static/js/bundle.js:528270:8)
    at LayoutProvider (http://localhost:3000/static/js/bundle.js:2538:3)
    at Dashboard (http://localhost:3000/static/js/bundle.js:53713:3)
    at Layout (http://localhost:3000/static/js/bundle.js:54971:63)
    at http://localhost:3000/static/js/bundle.js:613:3
    at Routes (http://localhost:3000/static/js/bundle.js:518792:5)
    at Router (http://localhost:3000/static/js/bundle.js:518732:15)
    at BrowserRouter (http://localhost:3000/static/js/bundle.js:517664:5)
    at App (http://localhost:3000/static/js/bundle.js:3376:69)
    at LocaleProvider (http://localhost:3000/static/js/bundle.js:351702:5)
    at MotionWrapper (http://localhost:3000/static/js/bundle.js:338676:5)
    at ProviderChildren (http://localhost:3000/static/js/bundle.js:339272:5)
    at ConfigProvider (http://localhost:3000/static/js/bundle.js:339545:54)
    at r (http://localhost:3000/static/js/bundle.js:511659:21)
    at ApolloProvider (http://localhost:3000/static/js/bundle.js:553146:19)
    at Provider (http://localhost:3000/static/js/bundle.js:515090:20) @ http://localhost:3000/static/js/bundle.js:519672
[    2610ms] [ERROR] Warning: Each child in a list should have a unique "key" prop.%s%s See https://reactjs.org/link/warning-keys for more information.%s 

Check the render method of `Body`.  
    at ImmutableComponent (http://localhost:3000/static/js/bundle.js:317229:7)
    at Body (http://localhost:3000/static/js/bundle.js:470334:70)
    at ImmutableComponent (http://localhost:3000/static/js/bundle.js:317229:7)
    at table
    at div
    at div
    at div
    at DomWrapper (http://localhost:3000/static/js/bundle.js:465423:90)
    at SingleObserver (http://localhost:3000/static/js/bundle.js:465467:24)
    at ResizeObserver (http://localhost:3000/static/js/bundle.js:465605:24)
    at Provider (http://localhost:3000/static/js/bundle.js:317274:22)
    at Table (http://localhost:3000/static/js/bundle.js:471521:58)
    at ImmutableComponent (http://localhost:3000/static/js/bundle.js:317195:63)
    at div
    at div
    at Spin (http://localhost:3000/static/js/bundle.js:364598:18)
    at div
    at InternalTable (http://localhost:3000/static/js/bundle.js:368102:16)
    at Table (http://localhost:3000/static/js/bundle.js:368551:61)
    at div
    at div
    at Spin (http://localhost:3000/static/js/bundle.js:364598:18)
    at div
    at http://localhost:3000/static/js/bundle.js:343560:18
    at ReportTable (http://localhost:3000/static/js/bundle.js:57175:94)
    at div
    at div
    at http://localhost:3000/static/js/bundle.js:336471:18
    at ReportOverviewV1 (http://localhost:3000/static/js/bundle.js:55906:3)
    at div
    at http://localhost:3000/static/js/bundle.js:343560:18
    at div
    at O (http://localhost:3000/static/js/bundle.js:528270:8)
    at ReportOverview (http://localhost:3000/static/js/bundle.js:56218:83)
    at ReportProvider (http://localhost:3000/static/js/bundle.js:2689:3)
    at Routes (http://localhost:3000/static/js/bundle.js:518792:5)
    at ReportPage
    at Routes (http://localhost:3000/static/js/bundle.js:518792:5)
    at div
    at main
    at http://localhost:3000/static/js/bundle.js:350405:18
    at Content
    at div
    at http://localhost:3000/static/js/bundle.js:350425:42
    at Layout
    at div
    at http://localhost:3000/static/js/bundle.js:350425:42
    at Layout
    at div
    at O (http://localhost:3000/static/js/bundle.js:528270:8)
    at LayoutProvider (http://localhost:3000/static/js/bundle.js:2538:3)
    at Dashboard (http://localhost:3000/static/js/bundle.js:53713:3)
    at Layout (http://localhost:3000/static/js/bundle.js:54971:63)
    at http://localhost:3000/static/js/bundle.js:613:3
    at Routes (http://localhost:3000/static/js/bundle.js:518792:5)
    at Router (http://localhost:3000/static/js/bundle.js:518732:15)
    at BrowserRouter (http://localhost:3000/static/js/bundle.js:517664:5)
    at App (http://localhost:3000/static/js/bundle.js:3376:69)
    at LocaleProvider (http://localhost:3000/static/js/bundle.js:351702:5)
    at MotionWrapper (http://localhost:3000/static/js/bundle.js:338676:5)
    at ProviderChildren (http://localhost:3000/static/js/bundle.js:339272:5)
    at ConfigProvider (http://localhost:3000/static/js/bundle.js:339545:54)
    at r (http://localhost:3000/static/js/bundle.js:511659:21)
    at ApolloProvider (http://localhost:3000/static/js/bundle.js:553146:19)
    at Provider (http://localhost:3000/static/js/bundle.js:515090:20) @ http://localhost:3000/static/js/bundle.js:522043
[   10690ms] [LOG] Download the Apollo DevTools for a better development experience: %s https://chrome.google.com/webstore/detail/apollo-client-developer-t/jdkknkkbebbapilgoeccciglkfbmbnfm @ http://localhost:3000/static/js/bundle.js:553059
